
> llm-gateway@1.0.0 test
> mocha --ignore tests/integration.test.js --ignore tests/providers.test.js tests/**/*.test.js



  Adapters v2 - Real World
    Adapter Factory
      1) should create all adapter types
      Ô£ö should have correct interface on each adapter
    Gemini Adapter - Live
      Ô£ö should complete chat (1039ms)
      Ô£ö should stream chat (1012ms)
      Ô£ö should create embeddings if model supports it (232ms)
    OpenAI Adapter - Live
      Ô£ö should complete chat (331ms)
    Ollama Adapter - Live (Local)
      Ô£ö should connect to local Ollama if running (1280ms)

  Chat Route Cancellation
    Ô£ö aborts streaming upstream work when the HTTP client disconnects
    Ô£ö aborts non-streaming upstream work when the HTTP client disconnects

  Configuration Manager
    Ô£ö should load actual configuration without throwing
    Ô£ö should appropriately substitute environment variables using real workflow
    2) should have valid model configurations

  Kimi Adapter
    Ô£ö should send max_completion_tokens for chat completions
    Ô£ö should skip native counting without an explicit tokenizer endpoint
    Ô£ö should honor explicit tokenizer endpoint overrides

  Phase 9: Load Testing & Memory Bounds
    3) "before all" hook for "should trigger node backpressure and maintain stable memory usage"
    4) "after all" hook for "should trigger node backpressure and maintain stable memory usage"

  Config Schema
    validateModelConfig
      Ô£ö should validate a valid chat model
      Ô£ö should throw on missing required field
      Ô£ö should throw on invalid type
      Ô£ö should throw on unknown adapter
      Ô£ö should throw on invalid contextWindow
    validateConfig
      Ô£ö should validate complete config
      Ô£ö should throw on missing models section
      Ô£ö should throw on invalid routing default
    resolveEnvVars
      Ô£ö should resolve environment variables
      Ô£ö should throw on unset environment variable
      Ô£ö should return non-strings unchanged

  ModelRegistry
    Ô£ö should initialize with models
    Ô£ö should get model by ID
    Ô£ö should throw on unknown model
    Ô£ö should check model existence
    Ô£ö should get models by type
    Ô£ö should resolve model with type check
    Ô£ö should resolve default model when not specified
    Ô£ö should throw on type mismatch
    Ô£ö should return OpenAI-compatible model list
    Ô£ö should return global config

  ModelRouter
    Ô£ö should initialize with registry and adapters
    Ô£ö should throw on missing config
    Ô£ö should throw on invalid request
    Ô£ö should throw on missing prompt for image generation
    Ô£ö should list models
    Ô£ö should preserve explicit max_tokens when resolving chat options
    Ô£ö should derive implicit max_tokens from remaining context budget
    Ô£ö should clamp implicit max_tokens to at least one token
    Ô£ö should annotate context with resolved implicit max_tokens
    Ô£ö should annotate context with explicit max_tokens source
    Ô£ö should strip assistant thinking traces from incoming history
    Ô£ö should use sanitized assistant history when routing chat completions
    Ô£ö should prefer native whole-message token counting when available

  Resilience & Circuit Breaker
    5) "before all" hook for "should show metrics on /health endpoint"

  ModelRouter v2 - Real World
    Model Resolution
      Ô£ö resolves chat model by ID
      Ô£ö resolves default chat model when not specified
      Ô£ö throws on unknown model
      Ô£ö throws on type mismatch
    listModels()
      Ô£ö returns all models from config
      Ô£ö includes correct structure for each model
    Adapter Access
      6) has all adapter types
      Ô£ö each adapter has circuit breaker
    Context Compaction Config
      Ô£ö reads compaction config from global

  Server v2 - Real World
    GET /health
      Ô£ö returns healthy status
    GET /v1/models
      Ô£ö returns flat model list from config
    404 Handling
      Ô£ö returns 404 for unknown routes
    POST /v1/chat/completions - Error Cases
      Ô£ö returns 404 for unknown model
      Ô£ö returns 400 for wrong model type
    POST /v1/embeddings - Error Cases
      Ô£ö returns 404 for unknown model
    POST /v1/images/generations - Error Cases
      Ô£ö returns 400 for missing prompt
    POST /v1/audio/speech - Error Cases
      Ô£ö returns 400 for missing input

  Streaming & SSE
    Ô£ö should set appropriate headers, format data, and terminate with [DONE]
    7) should inject heartbeat comments

  WebSocket Audio Handler
    audio.start
      Ô£ö should assign a stream ID and negotiate format
      Ô£ö should negotiate opus format for remote IP
    audio.stop
      Ô£ö should stop an existing stream
      Ô£ö should return error for unknown stream
    Binary Frames
      Ô£ö should update lastSequence on successful frame
      Ô£ö should detect gap when sequence skips
      Ô£ö should drop unknown stream IDs

  WebSocket Binary Protocol
    Ô£ö should correctly encode and decode a binary frame
    Ô£ö should return null for frame without null byte separator
    Ô£ö should return null for frame with invalid JSON header

  WebSocket v2 - Media Phase 6 Test
    Ô£ö should handle media.start, binary chunks, and media.stop, and inject them into chat (170ms)

  WebSocket Metrics
    Ô£ö should initialize with correct default values
    Ô£ö should increment scalar metrics
    Ô£ö should track errors by label
    Ô£ö should calculate histogram averages

  WebSocket v2 - Real Time Mode
    Ô£ö Local IP Auto-Authentication: allows chat.create immediately
    Ô£ö Stream Parity: successfully authenticates and streams chat completion
    Ô£ö Multiplexing: handles concurrent requests correctly
CANCELLATION DONE EVENT: {"jsonrpc":"2.0","method":"chat.done","params":{"request_id":"req-cancel","cancelled":true,"context":{"window_size":8192,"used_tokens":0,"available_tokens":8192,"strategy_applied":false},"telemetry":{"total_duration_ms":1}}}
    Ô£ö Cancellation: propagates client cancellation correctly
    Ô£ö Context stats: keeps router context stable during streaming
    Ô£ö Incremental updates: handles chat.append and maintains buffer


  85 passing (12s)
  7 failing

  1) Adapters v2 - Real World
       Adapter Factory
         should create all adapter types:

      AssertionError: expected false to be true
      + expected - actual

      -false
      +true
      
      at Context.<anonymous> (file:///D:/DEV/LLM%20Gateway/tests/adapters.v2.test.js:37:50)
      at process.processImmediate (node:internal/timers:505:21)

  2) Configuration Manager
       should have valid model configurations:
     AssertionError: expected { maxResolution: '2048x2048', ÔÇª(1) } to have property 'contextWindow'
      at Context.<anonymous> (file:///D:/DEV/LLM%20Gateway/tests/config.test.js:77:48)

  3) Phase 9: Load Testing & Memory Bounds
       "before all" hook for "should trigger node backpressure and maintain stable memory usage":
     TypeError: Cannot set properties of undefined (setting 'load_tester')
      at Context.<anonymous> (file:///D:/DEV/LLM%20Gateway/tests/load.test.js:71:38)

  4) Phase 9: Load Testing & Memory Bounds
       "after all" hook for "should trigger node backpressure and maintain stable memory usage":
     TypeError: Cannot read properties of undefined (reading 'close')
      at Context.<anonymous> (file:///D:/DEV/LLM%20Gateway/tests/load.test.js:94:16)
      at process.processImmediate (node:internal/timers:505:21)

  5) Resilience & Circuit Breaker
       "before all" hook for "should show metrics on /health endpoint":
     TypeError: Cannot set properties of undefined (setting 'fake_down')
      at Context.<anonymous> (file:///D:/DEV/LLM%20Gateway/tests/resilience.test.js:15:36)

  6) ModelRouter v2 - Real World
       Adapter Access
         has all adapter types:

      AssertionError: Missing adapter: minimax: expected false to be true
      + expected - actual

      -false
      +true
      
      at Context.<anonymous> (file:///D:/DEV/LLM%20Gateway/tests/router.v2.test.js:86:84)
      at process.processImmediate (node:internal/timers:505:21)

  7) Streaming & SSE
       should inject heartbeat comments:
     AssertionError: expected '' to include ': heartbeat\n\n'
      at Context.<anonymous> (file:///D:/DEV/LLM%20Gateway/tests/streaming.test.js:53:29)



